- compiler.err.preview.feature.disabled.classfile: Bar.class, 12
1 error
